This is a test file content.
It contains some dummy logs:
Error: connection refused on port 8080.
